System : AssetRipper
System : System Version: Unix 26.4.1
System : Operating System: MacOS Arm64
System : AssetRipper Version: 1.3.14.0
System : AssetRipper Build Type: Release Published
System : UTC Current Time: Tue May 26 18:39:13 UTC 2026
System : UTC Compile Time: Sat Apr 25 18:52:16 UTC 2026
General : Configuration Settings:
General : ExportRootPath: /Users/vitaliivasylenko/Development/Unity/CrashmaniaEx/Research/tools/AssetRipper/Ripped
General : ScriptContentLevel: Level2
General : StreamingAssetsMode: Extract
General : DefaultVersion: 0.0.0a0
General : TargetVersion: 0.0.0a0
General : EnablePrefabOutlining: False
General : EnableStaticMeshSeparation: True
General : EnableAssetDeduplication: False
General : BundledAssetsExportMode: DirectExport
General : AudioExportFormat: Default
General : ImageExportFormat: Png
General : LightmapTextureExportFormat: Yaml
General : ScriptExportMode: Hybrid
General : ScriptLanguageVersion: AutoSafe
General : ShaderExportMode: Dummy
General : SpriteExportMode: Yaml
General : TextExportMode: Parse
General : ExportUnreadableAssets: False
Import : Attempting to read files from /Users/vitaliivasylenko/Development/Unity/CrashmaniaEx/Research/raw/game/unity_crash_game/
Import : WebPlayer game structure has been found at '/Users/vitaliivasylenko/Development/Unity/CrashmaniaEx/Research/raw/game/unity_crash_game/'
Import : Collecting game files...
Import : Collecting game files...
Import : Collecting Streaming Assets...
Import : Asset bundle 'data' has been found
Import : Files use the 'Unknown' scripting backend.
Import [Error] : Read 1008 but expected 1012 for asset type 129. V: 6000.3.10f1 P: WebGL N: globalgamemanagers Path: 
Import [Error] : Error during reading of asset type UnityConnectSettings. V: 6000.3.10f1 P: WebGL N: globalgamemanagers Path: 
System.IndexOutOfRangeException: Index was outside the bounds of the array.
   at AssetRipper.SourceGenerated.Subclasses.UnityAdsSettings.UnityAdsSettings_2017_2.ReadRelease(EndianSpanReader&) + 0xf0
   at AssetRipper.SourceGenerated.Classes.ClassID_310.UnityConnectSettings_6000_2_0_b7.ReadRelease(EndianSpanReader&) + 0x288
   at AssetRipper.Import.AssetCreation.GameAssetFactory.TryReadNormalObject(AssetInfo, ReadOnlySpan`1, UnityVersion, String&) + 0x90
Import : Finished reading files
Processing : Processing loaded assets...
Processing : Creating Scene Definitions
Processing : Main Asset Pairing
Processing : Reconstruct AnimatorController Assets
Processing : Reconstruct AudioMixer Assets
Processing : Editor Format Conversion
Processing : Lighting Data Assets
Processing : Processing Scriptable Object Groups
Processing : Finished processing assets
Export : Starting primary content export
Export : Attempting to export assets to /Users/vitaliivasylenko/Development/Unity/CrashmaniaEx/Research/deobfuscated/game2/content...
Import [Warning] : Resource file 'sharedassets0.resource' hasn't been found
Export [Warning] : Can't decode audio clip 'SFX - Countdown 3-2-1 - Mono' with default decoder because its audio data could not be found.
Import [Warning] : Resource file 'sharedassets0.resource' hasn't been found
Export [Warning] : Can't decode audio clip 'EpicReward' with default decoder because its audio data could not be found.
Import [Warning] : Resource file 'sharedassets0.resource' hasn't been found
Export [Warning] : Can't decode audio clip '11L-Create_a_short_sound-1746561966368' with default decoder because its audio data could not be found.
Import [Warning] : Resource file 'sharedassets0.resource' hasn't been found
Export [Warning] : Can't decode audio clip '11L-Create_a_short_sound-1746561671302' with default decoder because its audio data could not be found.
Import [Warning] : Resource file 'sharedassets0.resource' hasn't been found
Export [Warning] : Can't decode audio clip 'MusicLoop' with default decoder because its audio data could not be found.
Import [Warning] : Resource file 'sharedassets0.resource' hasn't been found
Export [Warning] : Can't decode audio clip 'SFX - Countdown - Mono' with default decoder because its audio data could not be found.
Import [Warning] : Resource file 'sharedassets0.resource' hasn't been found
Export [Warning] : Can't decode audio clip 'coins_accumulate' with default decoder because its audio data could not be found.
Import [Warning] : Resource file 'sharedassets0.resource' hasn't been found
Export [Warning] : Can't decode audio clip 'EpicReward2' with default decoder because its audio data could not be found.
ExportProgress : (1/495) Exporting 'EditorBuildSettings'
ExportProgress : (2/495) Exporting 'EditorSettings'
ExportProgress : (3/495) Exporting 'Unreadable129_6BB63CDD'
ExportProgress : (4/495) Exporting 'InputManager'
ExportProgress : (5/495) Exporting 'TagManager'
ExportProgress : (6/495) Exporting 'AudioManager'
ExportProgress : (7/495) Exporting 'ShaderNameRegistry'
ExportProgress : (8/495) Exporting 'MonoManager'
ExportProgress : (9/495) Exporting 'GraphicsSettings'
ExportProgress : (10/495) Exporting 'TimeManager'
ExportProgress : (11/495) Exporting 'DelayedCallManager'
ExportProgress : (12/495) Exporting 'PhysicsManager'
ExportProgress : (13/495) Exporting 'BuildSettings'
ExportProgress : (14/495) Exporting 'QualitySettings'
ExportProgress : (15/495) Exporting 'ResourceManager'
ExportProgress : (16/495) Exporting 'NavMeshProjectSettings'
ExportProgress : (17/495) Exporting 'Physics2DSettings'
ExportProgress : (18/495) Exporting 'RuntimeInitializeOnLoadManager'
ExportProgress : (19/495) Exporting 'UnreadableUnityConnectSettings_751ACAC1'
ExportProgress : (20/495) Exporting 'StreamingManager'
ExportProgress : (21/495) Exporting 'VFXManager'
ExportProgress : (22/495) Exporting 'MultiplayerManager'
ExportProgress : (23/495) Exporting 'Legacy Shaders/VertexLit'
ExportProgress : (24/495) Exporting 'Legacy Shaders/Diffuse'
ExportProgress : (25/495) Exporting 'Hidden/Internal-StencilWrite'
ExportProgress : (26/495) Exporting 'Hidden/Internal-DepthNormalsTexture'
ExportProgress : (27/495) Exporting 'Hidden/Internal-ScreenSpaceShadows'
ExportProgress : (28/495) Exporting 'Hidden/Internal-CombineDepthNormals'
ExportProgress : (29/495) Exporting 'Hidden/BlitCopy'
ExportProgress : (30/495) Exporting 'Hidden/BlitCopyDepth'
ExportProgress : (31/495) Exporting 'Hidden/ConvertTexture'
ExportProgress : (32/495) Exporting 'Hidden/Internal-DeferredShading'
ExportProgress : (33/495) Exporting 'Hidden/Internal-DeferredReflections'
ExportProgress : (34/495) Exporting 'Hidden/Internal-MotionVectors'
ExportProgress : (35/495) Exporting 'Hidden/Internal-Flare'
ExportProgress : (36/495) Exporting 'Hidden/Internal-Halo'
ExportProgress : (37/495) Exporting 'Hidden/BlitCopyWithDepth'
ExportProgress : (38/495) Exporting 'Hidden/BlitToDepth'
ExportProgress : (39/495) Exporting 'Hidden/BlitToDepth_MSAA'
ExportProgress : (40/495) Exporting 'Hidden/BlitCopyHDRTonemap'
ExportProgress : (41/495) Exporting 'Hidden/Internal-DebugPattern'
ExportProgress : (42/495) Exporting 'Hidden/Internal-GUITextureClip'
ExportProgress : (43/495) Exporting 'Hidden/Internal-GUITextureClipText'
ExportProgress : (44/495) Exporting 'Hidden/Internal-GUITexture'
ExportProgress : (45/495) Exporting 'Hidden/Internal-GUITextureBlit'
ExportProgress : (46/495) Exporting 'Hidden/Internal-GUIRoundedRect'
ExportProgress : (47/495) Exporting 'Hidden/Internal-GUIRoundedRectWithColorPerBorder'
ExportProgress : (48/495) Exporting 'Hidden/Internal-UIRDefault'
ExportProgress : (49/495) Exporting 'Hidden/Internal-UIRAtlasBlitCopy'
ExportProgress : (50/495) Exporting 'Sprites/Default'
ExportProgress : (51/495) Exporting 'Sprites/Mask'
ExportProgress : (52/495) Exporting 'UI/Default'
ExportProgress : (53/495) Exporting 'UI/DefaultETC1'
ExportProgress : (54/495) Exporting 'Hidden/CubeBlur'
ExportProgress : (55/495) Exporting 'Hidden/CubeCopy'
ExportProgress : (56/495) Exporting 'Hidden/CubeBlend'
ExportProgress : (57/495) Exporting 'Hidden/VR/BlitTexArraySlice'
ExportProgress : (58/495) Exporting 'Hidden/Internal-ODSWorldTexture'
ExportProgress : (59/495) Exporting 'Hidden/Internal-CubemapToEquirect'
ExportProgress : (60/495) Exporting 'Hidden/VR/BlitFromTex2DToTexArraySlice'
ExportProgress : (61/495) Exporting 'Hidden/VideoComposite'
ExportProgress : (62/495) Exporting 'Hidden/TextCore/Distance Field SSD'
ExportProgress : (63/495) Exporting 'Hidden/Physics2D/SDF_CircleGeometry'
ExportProgress : (64/495) Exporting 'Hidden/Physics2D/SDF_CapsuleGeometry'
ExportProgress : (65/495) Exporting 'Hidden/Physics2D/SDF_PolygonGeometry'
ExportProgress : (66/495) Exporting 'Hidden/Physics2D/SDF_Line'
ExportProgress : (67/495) Exporting 'Hidden/Physics2D/SDF_Point'
ExportProgress : (68/495) Exporting 'Spine/Skeleton'
ExportProgress : (69/495) Exporting 'RocketDreams'
ExportProgress : (70/495) Exporting 'Mobile/Particles/Additive'
ExportProgress : (71/495) Exporting 'Spine/Skeleton'
ExportProgress : (72/495) Exporting 'Hidden/UI/SoftMask'
ExportProgress : (73/495) Exporting 'Spine/Blend Modes/Skeleton PMA Additive'
ExportProgress : (74/495) Exporting 'Hidden/TextMeshPro/Distance Field (SoftMaskable)'
ExportProgress : (75/495) Exporting 'Spine/Blend Modes/Skeleton PMA Multiply'
ExportProgress : (76/495) Exporting 'Hidden/UI/Default (UIEffect)'
ExportProgress : (77/495) Exporting 'Hidden/UI/Default (SoftMaskable)'
ExportProgress : (78/495) Exporting 'Spine/Skeleton Lit'
ExportProgress : (79/495) Exporting 'Hidden/TextMeshPro/Mobile/Distance Field (UIEffect)'
ExportProgress : (80/495) Exporting 'Spine/SkeletonGraphic'
ExportProgress : (81/495) Exporting 'TextMeshPro/Mobile/Distance Field'
ExportProgress : (82/495) Exporting 'ScriptExportCollection'
ExportProgress : (83/495) Exporting 'AiroplaneShaderCollection'
ExportProgress : (84/495) Exporting 'ShaderVariants'
ExportProgress : (85/495) Exporting 'ShaderVariants'
ExportProgress : (86/495) Exporting 'RocketDreams'
ExportProgress : (87/495) Exporting 'Murecho-Black Atlas'
ExportProgress : (88/495) Exporting 'UISprite'
ExportProgress : (89/495) Exporting 'Transition_Horizontal'
ExportProgress : (90/495) Exporting 'Main'
ExportProgress : (91/495) Exporting 'IntroScreen'
ExportProgress : (92/495) Exporting 'Font Texture'
ExportProgress [Warning] : Failed to export 'Font Texture'
ExportProgress : (93/495) Exporting 'Murecho-Bold SDF Atlas'
ExportProgress : (94/495) Exporting 'TextMeshPro/Distance Field'
ExportProgress : (95/495) Exporting 'SFX - Countdown 3-2-1 - Mono'
ExportProgress : (96/495) Exporting 'EpicReward'
ExportProgress : (97/495) Exporting '11L-Create_a_short_sound-1746561966368'
ExportProgress : (98/495) Exporting '11L-Create_a_short_sound-1746561671302'
ExportProgress : (99/495) Exporting 'MusicLoop'
ExportProgress : (100/495) Exporting 'SFX - Countdown - Mono'
ExportProgress : (101/495) Exporting 'coins_accumulate'
ExportProgress : (102/495) Exporting 'EpicReward2'
ExportProgress : (103/495) Exporting 'Murecho-Black'
ExportProgress : (104/495) Exporting 'under_maintenance_image'
ExportProgress : (105/495) Exporting 'shine_2'
ExportProgress : (106/495) Exporting 'Border'
ExportProgress : (107/495) Exporting 'Loading-bar_loading_page'
ExportProgress : (108/495) Exporting 'shine_3'
ExportProgress : (109/495) Exporting 'Popup-box_top'
ExportProgress : (110/495) Exporting 'shine_1'
ExportProgress : (111/495) Exporting 'Popup-purple_btn_disable'
ExportProgress : (112/495) Exporting 'Body-Logo'
ExportProgress : (113/495) Exporting 'UISprite'
ExportProgress : (114/495) Exporting 'Body-landing_page_gradient_bg'
ExportProgress : (115/495) Exporting 'Popup-box_stroke'
ExportProgress : (116/495) Exporting 'Popup-purple_btn'
ExportProgress : (117/495) Exporting 'Popup-box_bottom'
ExportProgress : (118/495) Exporting 'Popup-X_button'
ExportProgress : (119/495) Exporting 'Loading-bar_fill_loading_page'
ExportProgress : (120/495) Exporting 'Loading-Property 1=8'
ExportProgress : (121/495) Exporting 'Popup-Button'
ExportProgress : (122/495) Exporting 'Loading-rocket_loading_page'
ExportProgress : (123/495) Exporting 'Boot'
ExportProgress : (124/495) Exporting 'Inter-VariableFont_opsz,wght Atlas'
ExportProgress : (125/495) Exporting 'Font Texture'
ExportProgress [Warning] : Failed to export 'Font Texture'
ExportProgress : (126/495) Exporting 'GameThumbnails'
ExportProgress : (127/495) Exporting 'app_buttons_spritesheet'
ExportProgress : (128/495) Exporting 'Custom/UIBlur'
ExportProgress : (129/495) Exporting 'Inter-VariableFont_opsz,wght'
ExportProgress : (130/495) Exporting 'MGSlots-Carnaval_Fiesta'
ExportProgress : (131/495) Exporting 'Top Bar-top_bar_shine'
ExportProgress : (132/495) Exporting 'Crash-astro_go_thumbnail'
ExportProgress : (133/495) Exporting 'Popup-mail_btn_icon'
ExportProgress : (134/495) Exporting 'MGSlots-Lucky_Twins_Wilds_Jackpots'
ExportProgress : (135/495) Exporting 'btn_small_red'
ExportProgress : (136/495) Exporting 'rocket-start 1'
ExportProgress : (137/495) Exporting 'BlueCircle'
ExportProgress : (138/495) Exporting 'Popup-Grey_Button'
ExportProgress : (139/495) Exporting 'Body-social_btn'
ExportProgress : (140/495) Exporting 'player image'
ExportProgress : (141/495) Exporting 'Crash-board_thumbnail'
ExportProgress : (142/495) Exporting 'Body-google_logo'
ExportProgress : (143/495) Exporting 'ButtonRed'
ExportProgress : (144/495) Exporting 'Rectangle 4386'
ExportProgress : (145/495) Exporting 'coins_mobile'
ExportProgress : (146/495) Exporting 'Top Bar-flat_coin'
ExportProgress : (147/495) Exporting 'MGSlots-African_Wilds'
ExportProgress : (148/495) Exporting 'Popup-apple_btn_icon'
ExportProgress : (149/495) Exporting 'Crash-skyride_thumbnail'
ExportProgress : (150/495) Exporting 'Popup-blue_btn_no_shadow'
ExportProgress : (151/495) Exporting 'smoke_asset'
ExportProgress : (152/495) Exporting 'Popup-approve_icon'
ExportProgress : (153/495) Exporting 'Popup-text_box'
ExportProgress : (154/495) Exporting 'Top Bar-flat_sweep_coin'
ExportProgress : (155/495) Exporting 'Popup-flag'
ExportProgress : (156/495) Exporting 'Popup-flag_line'
ExportProgress : (157/495) Exporting 'Popup-apple_btn'
ExportProgress : (158/495) Exporting 'purple_title_bg'
ExportProgress : (159/495) Exporting 'purple_body_bg'
ExportProgress : (160/495) Exporting 'btn_small_light_grey-1'
ExportProgress : (161/495) Exporting 'BG'
ExportProgress : (162/495) Exporting 'MGSlots-Bountiful_Birds'
ExportProgress : (163/495) Exporting 'btn_big_white'
ExportProgress : (164/495) Exporting 'Body-21'
ExportProgress : (165/495) Exporting 'Crash-crash_depth_thumbnail'
ExportProgress : (166/495) Exporting 'btn_small_blue'
ExportProgress : (167/495) Exporting 'Crash-fightX_thumbnail'
ExportProgress : (168/495) Exporting 'Popup-dropdown_down_icon'
ExportProgress : (169/495) Exporting 'MGSlots-Almighty_Zeus_Wilds'
ExportProgress : (170/495) Exporting 'Popup-fb_btn_icon'
ExportProgress : (171/495) Exporting 'Popup-Back_Button'
ExportProgress : (172/495) Exporting 'Login'
ExportProgress : (173/495) Exporting 'Background'
ExportProgress : (174/495) Exporting 'conf_outline'
ExportProgress : (175/495) Exporting 'Promo'
ExportProgress : (176/495) Exporting 'Avatars'
ExportProgress : (177/495) Exporting 'StarParticle'
ExportProgress : (178/495) Exporting 'SweepStore'
ExportProgress : (179/495) Exporting 'ConfettiTwisted'
ExportProgress : (180/495) Exporting 'Mobile/Particles/Alpha Blended'
ExportProgress : (181/495) Exporting 'Account-Facebook Button'
ExportProgress : (182/495) Exporting 'store_4'
ExportProgress : (183/495) Exporting 'Dark Gradient'
ExportProgress : (184/495) Exporting 'Bottom Nav-account_icon_small_sweep'
ExportProgress : (185/495) Exporting 'Account-profile_avatar_default'
ExportProgress : (186/495) Exporting 'Top Bar-toggle_knob_sweep'
ExportProgress : (187/495) Exporting 'Account-VIP_Badge_Gold'
ExportProgress : (188/495) Exporting 'coming_soon'
ExportProgress : (189/495) Exporting 'empty_gift_collect_left_segment'
ExportProgress : (190/495) Exporting 'Ellipse 826'
ExportProgress : (191/495) Exporting 'Account-VIP_Badge_Diamond'
ExportProgress : (192/495) Exporting 'Redeem-bills_pattern'
ExportProgress : (193/495) Exporting 'Account-VIP_Number_mask'
ExportProgress : (194/495) Exporting 'Account-bottom_profile_BG'
ExportProgress : (195/495) Exporting 'Bottom Nav-redeem_icon_small_crash'
ExportProgress : (196/495) Exporting 'Bottom Nav-gifts_icon_small_crash'
ExportProgress : (197/495) Exporting 'Bottom Nav-gifts_icon_small_sweep'
ExportProgress : (198/495) Exporting 'friends_gifts_icon'
ExportProgress : (199/495) Exporting 'Account-VIP_Number_Bronze'
ExportProgress : (200/495) Exporting 'Account-VIP_Number_Gold'
ExportProgress : (201/495) Exporting 'Redeem-redeem_amount_pointer_bg'
ExportProgress : (202/495) Exporting 'Account-VIP_Number_Cosmic'
ExportProgress : (203/495) Exporting 'store_1_'
ExportProgress : (204/495) Exporting 'Account-edit_pic_btn'
ExportProgress : (205/495) Exporting 'Account-vip_title_gold'
ExportProgress : (206/495) Exporting 'bonus_wheel_icon'
ExportProgress : (207/495) Exporting 'Bottom Nav-nav_bar_tab_sweep_selected-1'
ExportProgress : (208/495) Exporting 'Top Bar-toggle_crash_bg'
ExportProgress : (209/495) Exporting 'Redeem-ButtonFrame'
ExportProgress : (210/495) Exporting 'Bottom Nav-store_icon_small_crash'
ExportProgress : (211/495) Exporting 'Account-copy'
ExportProgress : (212/495) Exporting 'store_top_bundle'
ExportProgress : (213/495) Exporting 'store_5'
ExportProgress : (214/495) Exporting 'Bottom Nav-nav_bar_tab_sweep_selected'
ExportProgress : (215/495) Exporting 'Top Bar-top_bar_shadow'
ExportProgress : (216/495) Exporting 'Top Bar-coin_sweep_no_outline'
ExportProgress : (217/495) Exporting 'Bottom Nav-redeem_icon_small_sweep'
ExportProgress : (218/495) Exporting 'btn_big_green'
ExportProgress : (219/495) Exporting 'Account-vip_title_silver'
ExportProgress : (220/495) Exporting 'Top Bar-text_field'
ExportProgress : (221/495) Exporting 'Bottom Nav-home_icon_small_sweep'
ExportProgress : (222/495) Exporting 'store_6'
ExportProgress : (223/495) Exporting 'Popup-tooltip_bg'
ExportProgress : (224/495) Exporting 'Top Bar-top_bar_crash_container'
ExportProgress : (225/495) Exporting 'Bottom Nav-home_icon_big'
ExportProgress : (226/495) Exporting 'store_3'
ExportProgress : (227/495) Exporting 'Account-vip_title_bronze'
ExportProgress : (228/495) Exporting 'Bottom Nav-redeem_icon_big'
ExportProgress : (229/495) Exporting 'Account-VIP_Number_Entry'
ExportProgress : (230/495) Exporting 'Arrow'
ExportProgress : (231/495) Exporting 'store bundle'
ExportProgress : (232/495) Exporting 'Background'
ExportProgress : (233/495) Exporting 'coinback_icon'
ExportProgress : (234/495) Exporting 'Bottom Nav-account_icon_small_crash'
ExportProgress : (235/495) Exporting 'Bottom Nav-gifts_icon_big'
ExportProgress : (236/495) Exporting 'empty_gift_collect_left_segment (1)'
ExportProgress : (237/495) Exporting 'Account-CoinsBonus'
ExportProgress : (238/495) Exporting 'Account-profile_pic'
ExportProgress : (239/495) Exporting 'Bottom Nav-nav_bar_tab_sweep_unselected'
ExportProgress : (240/495) Exporting 'Top Bar-toggle_sweep_bg'
ExportProgress : (241/495) Exporting 'Body-Search'
ExportProgress : (242/495) Exporting 'Account-VIP_Number_Diamond'
ExportProgress : (243/495) Exporting 'Main-Image'
ExportProgress : (244/495) Exporting 'Top Bar-coin_crash'
ExportProgress : (245/495) Exporting 'Redeem-slider_range_bg'
ExportProgress : (246/495) Exporting 'Crash_mode_BG_default'
ExportProgress : (247/495) Exporting '+'
ExportProgress : (248/495) Exporting 'Bottom Nav-store_icon_big'
ExportProgress : (249/495) Exporting 'gift_pattern'
ExportProgress : (250/495) Exporting 'Popup-tooltip_arrow'
ExportProgress : (251/495) Exporting 'Redeem-ProofOfAddress'
ExportProgress : (252/495) Exporting 'store_2'
ExportProgress : (253/495) Exporting 'Top Bar-drop_shadow'
ExportProgress : (254/495) Exporting 'gift_collect_btn'
ExportProgress : (255/495) Exporting 'Sweep_mode_BG_default'
ExportProgress : (256/495) Exporting 'round_history_bg'
ExportProgress : (257/495) Exporting 'empty_frame'
ExportProgress : (258/495) Exporting 'Redeem-redeem_amount_pointer'
ExportProgress : (259/495) Exporting 'daily_bonus_icon'
ExportProgress : (260/495) Exporting 'Top Bar-toggle_knob_crash'
ExportProgress : (261/495) Exporting 'store_bg_pattern'
ExportProgress : (262/495) Exporting 'Account-vip_bar_bg'
ExportProgress : (263/495) Exporting 'Bottom Nav-store_icon_small_sweep'
ExportProgress : (264/495) Exporting 'Account-vip_title_entry'
ExportProgress : (265/495) Exporting 'Account-VIP_Badge_Cosmic'
ExportProgress : (266/495) Exporting 'Bottom Nav-account_icon_big'
ExportProgress : (267/495) Exporting 'Redeem-i_btn'
ExportProgress : (268/495) Exporting 'back_btn'
ExportProgress : (269/495) Exporting 'Redeem-GovernmentIssuedID'
ExportProgress : (270/495) Exporting 'Top Bar-top_bar_sweep_container'
ExportProgress : (271/495) Exporting 'Bottom Nav-home_icon_small_crash'
ExportProgress : (272/495) Exporting 'Account-Apple Button'
ExportProgress : (273/495) Exporting 'Account-vip_title_cosmic'
ExportProgress : (274/495) Exporting 'Account-vip_title_diamond'
ExportProgress : (275/495) Exporting 'StoreBG'
ExportProgress : (276/495) Exporting 'gifts_widget_bg'
ExportProgress : (277/495) Exporting 'Account-VIP_Badge_Silver'
ExportProgress : (278/495) Exporting 'Account-profile_pic_fill'
ExportProgress : (279/495) Exporting 'Top Bar-shine_stripe'
ExportProgress : (280/495) Exporting 'Redeem-slider_corcle'
ExportProgress : (281/495) Exporting 'Top Bar-toggle_bar_background'
ExportProgress : (282/495) Exporting 'Account-VIP_Badge_Entry'
ExportProgress : (283/495) Exporting 'Bottom Nav-nav_bar_tab_sweep_unselected-1'
ExportProgress : (284/495) Exporting 'Account-Google Button'
ExportProgress : (285/495) Exporting 'Top Bar-coin_sweep'
ExportProgress : (286/495) Exporting 'Account-ProfileButton'
ExportProgress : (287/495) Exporting 'Account-vip_bar_fill_center'
ExportProgress : (288/495) Exporting 'Top Bar-coin_crash_no_outline'
ExportProgress : (289/495) Exporting 'Account-VIP_Badge_Bronze'
ExportProgress : (290/495) Exporting 'Account-VIP_Number_Silver'
ExportProgress : (291/495) Exporting 'Account-profile_bg_pattern'
ExportProgress : (292/495) Exporting 'LobbyGameCategoryView'
ExportProgress : (293/495) Exporting 'LobbyCategoryBar'
ExportProgress : (294/495) Exporting 'Lobby'
ExportProgress : (295/495) Exporting 'Body-category_arrow_bg'
ExportProgress : (296/495) Exporting 'chash_out_btn'
ExportProgress : (297/495) Exporting 'ChangeBetButton'
ExportProgress : (298/495) Exporting 'History'
ExportProgress : (299/495) Exporting 'ClockIcon'
ExportProgress : (300/495) Exporting 'Vector'
ExportProgress : (301/495) Exporting 'game_off_SFX_btn'
ExportProgress : (302/495) Exporting 'InfinityIcon'
ExportProgress : (303/495) Exporting 'provably_fair_icon'
ExportProgress : (304/495) Exporting 'Bet_History_Tabs'
ExportProgress : (305/495) Exporting 'Cross'
ExportProgress : (306/495) Exporting 'game_on_Sounds_btn'
ExportProgress : (307/495) Exporting 'CancelButton'
ExportProgress : (308/495) Exporting 'Bet amount'
ExportProgress : (309/495) Exporting 'text'
ExportProgress : (310/495) Exporting 'game_on_SFX_btn'
ExportProgress : (311/495) Exporting 'Toggle Square Active'
ExportProgress : (312/495) Exporting 'btn_big_blue'
ExportProgress : (313/495) Exporting 'fade'
ExportProgress : (314/495) Exporting 'av_8'
ExportProgress : (315/495) Exporting 'Leave'
ExportProgress : (316/495) Exporting 'bet_ui_container'
ExportProgress : (317/495) Exporting 'Enter'
ExportProgress : (318/495) Exporting 'knob'
ExportProgress : (319/495) Exporting 'Toggle Square Disabled'
ExportProgress : (320/495) Exporting 'game_off_Sounds_btn'
ExportProgress : (321/495) Exporting 'BlackSquare'
ExportProgress : (322/495) Exporting 'side_container'
ExportProgress : (323/495) Exporting 'ButtonGrey'
ExportProgress : (324/495) Exporting 'Frame 3697'
ExportProgress : (325/495) Exporting 'Prompt'
ExportProgress : (326/495) Exporting 'GameMultiplierItem'
ExportProgress : (327/495) Exporting 'GameMultiplierHolder'
ExportProgress : (328/495) Exporting 'Game'
ExportProgress : (329/495) Exporting 'Default-Skybox-Cubemap'
ExportProgress : (330/495) Exporting 'Ftue'
ExportProgress : (331/495) Exporting 'sactx-0-256x128-Uncompressed-IngameDebugConsoleSpriteAtlas-2f1d16c7'
ExportProgress : (332/495) Exporting 'Checkmark'
ExportProgress : (333/495) Exporting 'InputFieldBackground'
ExportProgress : (334/495) Exporting 'UIMask'
ExportProgress : (335/495) Exporting 'White1px'
ExportProgress : (336/495) Exporting 'Font Texture'
ExportProgress [Warning] : Failed to export 'Font Texture'
ExportProgress : (337/495) Exporting 'Font Texture'
ExportProgress [Warning] : Failed to export 'Font Texture'
ExportProgress : (338/495) Exporting 'UIFoldoutClosed'
ExportProgress : (339/495) Exporting 'Font Texture'
ExportProgress [Warning] : Failed to export 'Font Texture'
ExportProgress : (340/495) Exporting 'UIFoldoutOpened'
ExportProgress : (341/495) Exporting '2x2_Texture'
ExportProgress : (342/495) Exporting 'UICheckMark'
ExportProgress : (343/495) Exporting 'Rounded_Rect_10px'
ExportProgress : (344/495) Exporting 'UIElement8px'
ExportProgress : (345/495) Exporting 'EmojiOne'
ExportProgress : (346/495) Exporting 'sg_unlitfliptexture'
ExportProgress : (347/495) Exporting 'ui particle premultiply blend'
ExportProgress : (348/495) Exporting 'ui particle multiplydouble'
ExportProgress : (349/495) Exporting 'ui particle addmultiply'
ExportProgress : (350/495) Exporting 'uiadditive'
ExportProgress : (351/495) Exporting 'uiscreen'
ExportProgress : (352/495) Exporting 'ui particle multiply'
ExportProgress : (353/495) Exporting 'ui particle addsmooth'
ExportProgress : (354/495) Exporting 'ui particle vertexlit blended'
ExportProgress : (355/495) Exporting 'softmaskshader'
ExportProgress : (356/495) Exporting 'Graphy/Graph Mobile'
ExportProgress : (357/495) Exporting 'ui particle blend'
ExportProgress : (358/495) Exporting 'Graphy/Graph Standard'
ExportProgress : (359/495) Exporting 'uilineardodge'
ExportProgress : (360/495) Exporting 'ui particle alpha blend'
ExportProgress : (361/495) Exporting 'uiimagecrop'
ExportProgress : (362/495) Exporting 'uiparticlehidden'
ExportProgress : (363/495) Exporting 'TextMeshPro/Sprite'
ExportProgress : (364/495) Exporting 'uimultiply'
ExportProgress : (365/495) Exporting 'Hidden/Shader Graph/FallbackError'
ExportProgress : (366/495) Exporting 'ui particle add'
ExportProgress : (367/495) Exporting 'uisoftadditive'
ExportProgress : (368/495) Exporting 'PerformanceTestRunSettings'
ExportProgress : (369/495) Exporting 'env_production'
ExportProgress : (370/495) Exporting 'BillingMode'
ExportProgress : (371/495) Exporting 'PerformanceTestRunInfo'
ExportProgress : (372/495) Exporting 'env_crypto'
ExportProgress : (373/495) Exporting 'env_stage'
ExportProgress : (374/495) Exporting 'IAPProductCatalog'
ExportProgress : (375/495) Exporting 'LineBreaking Leading Characters'
ExportProgress : (376/495) Exporting 'LineBreaking Following Characters'
ExportProgress : (377/495) Exporting 'PerfectDOSVGA437'
ExportProgress : (378/495) Exporting 'Roboto-Regular'
ExportProgress : (379/495) Exporting 'Roboto-Bold'
ExportProgress : (380/495) Exporting 'Popup-x'
ExportProgress : (381/495) Exporting 'Checkmark'
ExportProgress : (382/495) Exporting 'InputFieldBackground'
ExportProgress : (383/495) Exporting 'UIMask'
ExportProgress : (384/495) Exporting 'IconWarning'
ExportProgress : (385/495) Exporting 'IconSnapToBottom'
ExportProgress : (386/495) Exporting 'SlicedBackground'
ExportProgress : (387/495) Exporting 'White1px'
ExportProgress : (388/495) Exporting 'IconInfo'
ExportProgress : (389/495) Exporting 'IconError'
ExportProgress : (390/495) Exporting 'UIFoldoutClosed'
ExportProgress : (391/495) Exporting 'IconClear'
ExportProgress : (392/495) Exporting 'IconResizeAllDirections'
ExportProgress : (393/495) Exporting 'SlicedBackground2'
ExportProgress : (394/495) Exporting 'UIFoldoutOpened'
ExportProgress : (395/495) Exporting 'IconResizeVertialOnly'
ExportProgress : (396/495) Exporting '2x2_Texture'
ExportProgress : (397/495) Exporting 'UICheckMark'
ExportProgress : (398/495) Exporting 'IconHide'
ExportProgress : (399/495) Exporting 'SlicedBackground3'
ExportProgress : (400/495) Exporting 'IconSnapToBottomBg'
ExportProgress : (401/495) Exporting 'Rounded_Rect_10px'
ExportProgress : (402/495) Exporting 'IconCollapse'
ExportProgress : (403/495) Exporting 'UIElement8px'
ExportProgress : (404/495) Exporting 'SearchIcon'
ExportProgress : (405/495) Exporting 'DebugLogItem'
ExportProgress : (406/495) Exporting 'CheatsOverlay'
ExportProgress : (407/495) Exporting 'DebugUIVector2'
ExportProgress : (408/495) Exporting 'DebugUIColor'
ExportProgress : (409/495) Exporting 'DebugUIPanel'
ExportProgress : (410/495) Exporting 'DebugUIGroup'
ExportProgress : (411/495) Exporting 'DebugUIVector4'
ExportProgress : (412/495) Exporting 'DebugUIToggle'
ExportProgress : (413/495) Exporting 'DebugUIValuePersistent'
ExportProgress : (414/495) Exporting 'DebugUIValueTuple'
ExportProgress : (415/495) Exporting 'DebugUIObject'
ExportProgress : (416/495) Exporting 'DebugUIIntField'
ExportProgress : (417/495) Exporting 'DebugUIProgressBar'
ExportProgress : (418/495) Exporting 'DebugUIFloatField'
ExportProgress : (419/495) Exporting 'DebugUIValue'
ExportProgress : (420/495) Exporting 'DebugUIUIntField'
ExportProgress : (421/495) Exporting 'DebugUIFoldout'
ExportProgress : (422/495) Exporting 'DebugUIRow'
ExportProgress : (423/495) Exporting 'DebugUIVector3'
ExportProgress : (424/495) Exporting 'DebugUICanvas'
ExportProgress : (425/495) Exporting 'DebugUIHBox'
ExportProgress : (426/495) Exporting 'DebugUIEnumField'
ExportProgress : (427/495) Exporting 'DebugUIObjectList'
ExportProgress : (428/495) Exporting 'DebugUIButton'
ExportProgress : (429/495) Exporting 'CommandSuggestion'
ExportProgress : (430/495) Exporting 'DebugUIPersistentCanvas'
ExportProgress : (431/495) Exporting 'DebugUIMessageBox'
ExportProgress : (432/495) Exporting 'DebugUIVBox'
ExportProgress : (433/495) Exporting 'DebugUIBitField'
ExportProgress : (434/495) Exporting 'DebugUIHandlerRenderingLayerField'
ExportProgress : (435/495) Exporting 'DebugUIEnumHistory'
ExportProgress : (436/495) Exporting 'DebugUIToggleHistory'
ExportProgress : (437/495) Exporting 'DebugUIObjectPopupField'
ExportProgress : (438/495) Exporting 'IngameDebugConsoleSpriteAtlas'
ExportProgress : (439/495) Exporting 'Hidden/InternalErrorShader'
ExportProgress : (440/495) Exporting 'Hidden/InternalClear'
ExportProgress : (441/495) Exporting 'Hidden/Internal-Colored'
ExportProgress : (442/495) Exporting 'Hidden/Internal-Loading'
ExportProgress : (443/495) Exporting 'Soft'
ExportProgress [Warning] : Failed to export 'Soft'
ExportProgress : (444/495) Exporting 'GUI/Text Shader'
ExportProgress : (445/495) Exporting 'LegacyRuntime'
ExportProgress : (446/495) Exporting 'Font Texture'
ExportProgress [Warning] : Failed to export 'Font Texture'
ExportProgress : (447/495) Exporting 'pSphere1'
ExportProgress : (448/495) Exporting 'Cube'
ExportProgress : (449/495) Exporting 'pCylinder1'
ExportProgress : (450/495) Exporting 'pPlane1'
ExportProgress : (451/495) Exporting 'polySurface2'
ExportProgress : (452/495) Exporting 'Cylinder'
ExportProgress : (453/495) Exporting 'Sphere'
ExportProgress : (454/495) Exporting 'Capsule'
ExportProgress : (455/495) Exporting 'Plane'
ExportProgress : (456/495) Exporting 'Quad'
ExportProgress : (457/495) Exporting 'Icosphere'
ExportProgress : (458/495) Exporting 'icosahedron'
ExportProgress : (459/495) Exporting 'pyramid'
ExportProgress : (460/495) Exporting 'EscToExit_back'
ExportProgress [Warning] : Failed to export 'EscToExit_back'
ExportProgress : (461/495) Exporting 'EscToExit_Text'
ExportProgress [Warning] : Failed to export 'EscToExit_Text'
ExportProgress : (462/495) Exporting 'UnityWatermark-trial-big'
ExportProgress [Warning] : Failed to export 'UnityWatermark-trial-big'
ExportProgress : (463/495) Exporting 'UnityWatermark-trial'
ExportProgress [Warning] : Failed to export 'UnityWatermark-trial'
ExportProgress : (464/495) Exporting 'UnityWatermark-edu'
ExportProgress [Warning] : Failed to export 'UnityWatermark-edu'
ExportProgress : (465/495) Exporting 'UnityWatermark-dev'
ExportProgress [Warning] : Failed to export 'UnityWatermark-dev'
ExportProgress : (466/495) Exporting 'WarningSign'
ExportProgress [Warning] : Failed to export 'WarningSign'
ExportProgress : (467/495) Exporting 'UnityWatermark-proto'
ExportProgress [Warning] : Failed to export 'UnityWatermark-proto'
ExportProgress : (468/495) Exporting 'Hidden/FrameDebuggerRenderTargetDisplay'
ExportProgress : (469/495) Exporting 'box'
ExportProgress [Warning] : Failed to export 'box'
ExportProgress : (470/495) Exporting 'button active'
ExportProgress [Warning] : Failed to export 'button active'
ExportProgress : (471/495) Exporting 'button hover'
ExportProgress [Warning] : Failed to export 'button hover'
ExportProgress : (472/495) Exporting 'button on hover'
ExportProgress [Warning] : Failed to export 'button on hover'
ExportProgress : (473/495) Exporting 'button on'
ExportProgress [Warning] : Failed to export 'button on'
ExportProgress : (474/495) Exporting 'button'
ExportProgress [Warning] : Failed to export 'button'
ExportProgress : (475/495) Exporting 'horizontal scrollbar thumb'
ExportProgress [Warning] : Failed to export 'horizontal scrollbar thumb'
ExportProgress : (476/495) Exporting 'horizontal scrollbar'
ExportProgress [Warning] : Failed to export 'horizontal scrollbar'
ExportProgress : (477/495) Exporting 'horizontalslider'
ExportProgress [Warning] : Failed to export 'horizontalslider'
ExportProgress : (478/495) Exporting 'slider thumb active'
ExportProgress [Warning] : Failed to export 'slider thumb active'
ExportProgress : (479/495) Exporting 'slider thumb'
ExportProgress [Warning] : Failed to export 'slider thumb'
ExportProgress : (480/495) Exporting 'slidert humb hover'
ExportProgress [Warning] : Failed to export 'slidert humb hover'
ExportProgress : (481/495) Exporting 'toggle active'
ExportProgress [Warning] : Failed to export 'toggle active'
ExportProgress : (482/495) Exporting 'toggle hover'
ExportProgress [Warning] : Failed to export 'toggle hover'
ExportProgress : (483/495) Exporting 'toggle on hover'
ExportProgress [Warning] : Failed to export 'toggle on hover'
ExportProgress : (484/495) Exporting 'toggle on'
ExportProgress [Warning] : Failed to export 'toggle on'
ExportProgress : (485/495) Exporting 'toggle on active'
ExportProgress [Warning] : Failed to export 'toggle on active'
ExportProgress : (486/495) Exporting 'toggle'
ExportProgress [Warning] : Failed to export 'toggle'
ExportProgress : (487/495) Exporting 'vertical scrollbar thumb'
ExportProgress [Warning] : Failed to export 'vertical scrollbar thumb'
ExportProgress : (488/495) Exporting 'vertical scrollbar'
ExportProgress [Warning] : Failed to export 'vertical scrollbar'
ExportProgress : (489/495) Exporting 'verticalslider'
ExportProgress [Warning] : Failed to export 'verticalslider'
ExportProgress : (490/495) Exporting 'window on'
ExportProgress [Warning] : Failed to export 'window on'
ExportProgress : (491/495) Exporting 'window'
ExportProgress [Warning] : Failed to export 'window'
ExportProgress : (492/495) Exporting 'textfield'
ExportProgress [Warning] : Failed to export 'textfield'
ExportProgress : (493/495) Exporting 'textfield on'
ExportProgress [Warning] : Failed to export 'textfield on'
ExportProgress : (494/495) Exporting 'textfield hover'
ExportProgress [Warning] : Failed to export 'textfield hover'
ExportProgress : (495/495) Exporting 'UnitySplash-HolographicTrackingLoss'
ExportProgress [Warning] : Failed to export 'UnitySplash-HolographicTrackingLoss'
Export : Finished exporting primary content.
Export : Starting export
Export : Attempting to export assets to /Users/vitaliivasylenko/Development/Unity/CrashmaniaEx/Research/deobfuscated/game2/project...
Export : Game files have these Unity versions: 6000.3.10f1
Export : Exporting to Unity version 6000.3.10f1
Import [Warning] : Resource file 'sharedassets0.resource' hasn't been found
Export [Error] : Can't decode audio clip 'SFX - Countdown 3-2-1 - Mono' with default decoder because its audio data could not be found.
Import [Warning] : Resource file 'sharedassets0.resource' hasn't been found
Export [Error] : Can't decode audio clip 'EpicReward' with default decoder because its audio data could not be found.
Import [Warning] : Resource file 'sharedassets0.resource' hasn't been found
Export [Error] : Can't decode audio clip '11L-Create_a_short_sound-1746561966368' with default decoder because its audio data could not be found.
Import [Warning] : Resource file 'sharedassets0.resource' hasn't been found
Export [Error] : Can't decode audio clip '11L-Create_a_short_sound-1746561671302' with default decoder because its audio data could not be found.
Import [Warning] : Resource file 'sharedassets0.resource' hasn't been found
Export [Error] : Can't decode audio clip 'MusicLoop' with default decoder because its audio data could not be found.
Import [Warning] : Resource file 'sharedassets0.resource' hasn't been found
Export [Error] : Can't decode audio clip 'SFX - Countdown - Mono' with default decoder because its audio data could not be found.
Import [Warning] : Resource file 'sharedassets0.resource' hasn't been found
Export [Error] : Can't decode audio clip 'coins_accumulate' with default decoder because its audio data could not be found.
Import [Warning] : Resource file 'sharedassets0.resource' hasn't been found
Export [Error] : Can't decode audio clip 'EpicReward2' with default decoder because its audio data could not be found.
ExportProgress : (1/412) Exporting 'EditorBuildSettings'
ExportProgress : (2/412) Exporting 'EditorSettings'
ExportProgress : (3/412) Exporting 'BonusWheelIconAnimator'
ExportProgress : (4/412) Exporting 'Boot (SceneAsset)'
ExportProgress : (5/412) Exporting 'Login (SceneAsset)'
ExportProgress : (6/412) Exporting 'Lobby (SceneAsset)'
ExportProgress : (7/412) Exporting 'Game (SceneAsset)'
ExportProgress : (8/412) Exporting 'Ftue (SceneAsset)'
ExportProgress : (9/412) Exporting 'RocketDreams'
ExportProgress : (10/412) Exporting 'Murecho-Black Atlas'
ExportProgress : (11/412) Exporting 'Transition_Horizontal'
ExportProgress : (12/412) Exporting 'Main'
ExportProgress : (13/412) Exporting 'IntroScreen'
ExportProgress : (14/412) Exporting 'Murecho-Bold SDF Atlas'
ExportProgress : (15/412) Exporting 'Inter-VariableFont_opsz,wght Atlas'
ExportProgress : (16/412) Exporting 'GameThumbnails'
ExportProgress : (17/412) Exporting 'app_buttons_spritesheet'
ExportProgress : (18/412) Exporting 'conf_outline'
ExportProgress : (19/412) Exporting 'Promo'
ExportProgress : (20/412) Exporting 'Avatars'
ExportProgress : (21/412) Exporting 'StarParticle'
ExportProgress : (22/412) Exporting 'SweepStore'
ExportProgress : (23/412) Exporting 'sactx-0-256x128-Uncompressed-IngameDebugConsoleSpriteAtlas-2f1d16c7'
ExportProgress : (24/412) Exporting 'White1px'
ExportProgress : (25/412) Exporting 'UIFoldoutClosed'
ExportProgress : (26/412) Exporting 'UIFoldoutOpened'
ExportProgress : (27/412) Exporting '2x2_Texture'
ExportProgress : (28/412) Exporting 'UICheckMark'
ExportProgress : (29/412) Exporting 'Rounded_Rect_10px'
ExportProgress : (30/412) Exporting 'UIElement8px'
ExportProgress : (31/412) Exporting 'EmojiOne'
ExportProgress : (32/412) Exporting 'InputManager'
ExportProgress : (33/412) Exporting 'TagManager'
ExportProgress : (34/412) Exporting 'AudioManager'
ExportProgress : (35/412) Exporting 'GraphicsSettings'
ExportProgress : (36/412) Exporting 'TimeManager'
ExportProgress : (37/412) Exporting 'DelayedCallManager'
ExportProgress : (38/412) Exporting 'PhysicsManager'
ExportProgress : (39/412) Exporting 'QualitySettings'
ExportProgress : (40/412) Exporting 'NavMeshProjectSettings'
ExportProgress : (41/412) Exporting 'Physics2DSettings'
ExportProgress : (42/412) Exporting 'RuntimeInitializeOnLoadManager'
ExportProgress : (43/412) Exporting 'StreamingManager'
ExportProgress : (44/412) Exporting 'VFXManager'
ExportProgress : (45/412) Exporting 'MultiplayerManager'
ExportProgress : (46/412) Exporting 'Spine/Skeleton'
ExportProgress : (47/412) Exporting 'Hidden/UI/SoftMask'
ExportProgress : (48/412) Exporting 'Spine/Blend Modes/Skeleton PMA Additive'
ExportProgress : (49/412) Exporting 'Hidden/TextMeshPro/Distance Field (SoftMaskable)'
ExportProgress : (50/412) Exporting 'Spine/Blend Modes/Skeleton PMA Multiply'
ExportProgress : (51/412) Exporting 'Hidden/UI/Default (UIEffect)'
ExportProgress : (52/412) Exporting 'Hidden/UI/Default (SoftMaskable)'
ExportProgress : (53/412) Exporting 'Spine/Skeleton Lit'
ExportProgress : (54/412) Exporting 'Hidden/TextMeshPro/Mobile/Distance Field (UIEffect)'
ExportProgress : (55/412) Exporting 'Spine/SkeletonGraphic'
ExportProgress : (56/412) Exporting 'TextMeshPro/Mobile/Distance Field'
ExportProgress : (57/412) Exporting 'EmptyScriptExportCollection'
Export : Exporting scripts...
ExportProgress : (58/412) Exporting 'AiroplaneShaderCollection'
ExportProgress : (59/412) Exporting 'ShaderVariants'
ExportProgress : (60/412) Exporting 'ShaderVariants'
ExportProgress : (61/412) Exporting 'RocketDreams'
ExportProgress : (62/412) Exporting 'UIEffectProjectSettings'
ExportProgress : (63/412) Exporting 'UIParticleProjectSettings'
ExportProgress : (64/412) Exporting 'UISoftMaskProjectSettings'
ExportProgress : (65/412) Exporting 'Murecho-Black Atlas Material'
ExportProgress : (66/412) Exporting 'Murecho-Black Outline'
ExportProgress : (67/412) Exporting 'Murecho-Black Thin'
ExportProgress : (68/412) Exporting 'Murecho-Black'
ExportProgress : (69/412) Exporting 'Murecho-Bold SDF Material'
ExportProgress : (70/412) Exporting 'TextMeshPro/Distance Field'
ExportProgress : (71/412) Exporting 'SFX - Countdown 3-2-1 - Mono'
Import [Warning] : Resource file 'sharedassets0.resource' hasn't been found
ExportProgress : (72/412) Exporting 'EpicReward'
Import [Warning] : Resource file 'sharedassets0.resource' hasn't been found
ExportProgress : (73/412) Exporting '11L-Create_a_short_sound-1746561966368'
Import [Warning] : Resource file 'sharedassets0.resource' hasn't been found
ExportProgress : (74/412) Exporting '11L-Create_a_short_sound-1746561671302'
Import [Warning] : Resource file 'sharedassets0.resource' hasn't been found
ExportProgress : (75/412) Exporting 'MusicLoop'
Import [Warning] : Resource file 'sharedassets0.resource' hasn't been found
ExportProgress : (76/412) Exporting 'SFX - Countdown - Mono'
Import [Warning] : Resource file 'sharedassets0.resource' hasn't been found
ExportProgress : (77/412) Exporting 'coins_accumulate'
Import [Warning] : Resource file 'sharedassets0.resource' hasn't been found
ExportProgress : (78/412) Exporting 'EpicReward2'
Import [Warning] : Resource file 'sharedassets0.resource' hasn't been found
ExportProgress : (79/412) Exporting 'under_maintenance_image'
ExportProgress : (80/412) Exporting 'shine_2'
ExportProgress : (81/412) Exporting 'Border'
ExportProgress : (82/412) Exporting 'Loading-bar_loading_page'
ExportProgress : (83/412) Exporting 'shine_3'
ExportProgress : (84/412) Exporting 'Popup-box_top'
ExportProgress : (85/412) Exporting 'shine_1'
ExportProgress : (86/412) Exporting 'Popup-purple_btn_disable'
ExportProgress : (87/412) Exporting 'Body-Logo'
ExportProgress : (88/412) Exporting 'Body-landing_page_gradient_bg'
ExportProgress : (89/412) Exporting 'Popup-box_stroke'
ExportProgress : (90/412) Exporting 'Popup-purple_btn'
ExportProgress : (91/412) Exporting 'Popup-box_bottom'
ExportProgress : (92/412) Exporting 'Popup-X_button'
ExportProgress : (93/412) Exporting 'Loading-bar_fill_loading_page'
ExportProgress : (94/412) Exporting 'Loading-Property 1=8'
ExportProgress : (95/412) Exporting 'Popup-Button'
ExportProgress : (96/412) Exporting 'Loading-rocket_loading_page'
ExportProgress : (97/412) Exporting 'Murecho-Black SDF'
ExportProgress : (98/412) Exporting 'Murecho-Bold SDF'
ExportProgress : (99/412) Exporting 'Boot'
ExportProgress : (100/412) Exporting 'Inter-VariableFont_opsz,wght Atlas Material'
ExportProgress : (101/412) Exporting 'UIBlur'
ExportProgress : (102/412) Exporting 'Murecho-Black Title'
ExportProgress : (103/412) Exporting 'Inter-VariableFont_opsz,wght'
ExportProgress : (104/412) Exporting 'Custom/UIBlur'
ExportProgress : (105/412) Exporting 'QuitGamePopUpEnter'
ExportProgress : (106/412) Exporting 'QuitGamePopUpExit'
ExportProgress : (107/412) Exporting 'MGSlots-Carnaval_Fiesta'
ExportProgress : (108/412) Exporting 'Top Bar-top_bar_shine'
ExportProgress : (109/412) Exporting 'Crash-astro_go_thumbnail'
ExportProgress : (110/412) Exporting 'Popup-mail_btn_icon'
ExportProgress : (111/412) Exporting 'MGSlots-Lucky_Twins_Wilds_Jackpots'
ExportProgress : (112/412) Exporting 'btn_small_red'
ExportProgress : (113/412) Exporting 'rocket-start 1'
ExportProgress : (114/412) Exporting 'BlueCircle'
ExportProgress : (115/412) Exporting 'Popup-Grey_Button'
ExportProgress : (116/412) Exporting 'Body-social_btn'
ExportProgress : (117/412) Exporting 'player image'
ExportProgress : (118/412) Exporting 'Crash-board_thumbnail'
ExportProgress : (119/412) Exporting 'Body-google_logo'
ExportProgress : (120/412) Exporting 'ButtonRed'
ExportProgress : (121/412) Exporting 'Rectangle 4386'
ExportProgress : (122/412) Exporting 'coins_mobile'
ExportProgress : (123/412) Exporting 'Top Bar-flat_coin'
ExportProgress : (124/412) Exporting 'MGSlots-African_Wilds'
ExportProgress : (125/412) Exporting 'Popup-apple_btn_icon'
ExportProgress : (126/412) Exporting 'Crash-skyride_thumbnail'
ExportProgress : (127/412) Exporting 'Popup-blue_btn_no_shadow'
ExportProgress : (128/412) Exporting 'smoke_asset'
ExportProgress : (129/412) Exporting 'Popup-approve_icon'
ExportProgress : (130/412) Exporting 'Popup-text_box'
ExportProgress : (131/412) Exporting 'Top Bar-flat_sweep_coin'
ExportProgress : (132/412) Exporting 'Popup-flag'
ExportProgress : (133/412) Exporting 'Popup-flag_line'
ExportProgress : (134/412) Exporting 'Popup-apple_btn'
ExportProgress : (135/412) Exporting 'purple_title_bg'
ExportProgress : (136/412) Exporting 'purple_body_bg'
ExportProgress : (137/412) Exporting 'btn_small_light_grey-1'
ExportProgress : (138/412) Exporting 'BG'
ExportProgress : (139/412) Exporting 'MGSlots-Bountiful_Birds'
ExportProgress : (140/412) Exporting 'btn_big_white'
ExportProgress : (141/412) Exporting 'Body-21'
ExportProgress : (142/412) Exporting 'Crash-crash_depth_thumbnail'
ExportProgress : (143/412) Exporting 'btn_small_blue'
ExportProgress : (144/412) Exporting 'Crash-fightX_thumbnail'
ExportProgress : (145/412) Exporting 'Popup-dropdown_down_icon'
ExportProgress : (146/412) Exporting 'MGSlots-Almighty_Zeus_Wilds'
ExportProgress : (147/412) Exporting 'Popup-fb_btn_icon'
ExportProgress : (148/412) Exporting 'Popup-Back_Button'
ExportProgress : (149/412) Exporting 'Inter-VariableFont_opsz,wght SDF'
ExportProgress : (150/412) Exporting 'Login'
ExportProgress : (151/412) Exporting 'StarMaterial'
ExportProgress : (152/412) Exporting 'conf_basic'
ExportProgress : (153/412) Exporting 'ConfettiTwisted'
ExportProgress : (154/412) Exporting 'WheelIcon_Bounce'
ExportProgress : (155/412) Exporting 'WheelIcon_Idle'
ExportProgress : (156/412) Exporting 'VipTierIdle'
ExportProgress : (157/412) Exporting 'Account-Facebook Button'
ExportProgress : (158/412) Exporting 'store_4'
ExportProgress : (159/412) Exporting 'Dark Gradient'
ExportProgress : (160/412) Exporting 'Bottom Nav-account_icon_small_sweep'
ExportProgress : (161/412) Exporting 'Account-profile_avatar_default'
ExportProgress : (162/412) Exporting 'Top Bar-toggle_knob_sweep'
ExportProgress : (163/412) Exporting 'Account-VIP_Badge_Gold'
ExportProgress : (164/412) Exporting 'coming_soon'
ExportProgress : (165/412) Exporting 'empty_gift_collect_left_segment'
ExportProgress : (166/412) Exporting 'Ellipse 826'
ExportProgress : (167/412) Exporting 'Account-VIP_Badge_Diamond'
ExportProgress : (168/412) Exporting 'Redeem-bills_pattern'
ExportProgress : (169/412) Exporting 'Account-VIP_Number_mask'
ExportProgress : (170/412) Exporting 'Account-bottom_profile_BG'
ExportProgress : (171/412) Exporting 'Bottom Nav-redeem_icon_small_crash'
ExportProgress : (172/412) Exporting 'Bottom Nav-gifts_icon_small_crash'
ExportProgress : (173/412) Exporting 'Bottom Nav-gifts_icon_small_sweep'
ExportProgress : (174/412) Exporting 'friends_gifts_icon'
ExportProgress : (175/412) Exporting 'Account-VIP_Number_Bronze'
ExportProgress : (176/412) Exporting 'Account-VIP_Number_Gold'
ExportProgress : (177/412) Exporting 'Redeem-redeem_amount_pointer_bg'
ExportProgress : (178/412) Exporting 'Account-VIP_Number_Cosmic'
ExportProgress : (179/412) Exporting 'store_1_'
ExportProgress : (180/412) Exporting 'Account-edit_pic_btn'
ExportProgress : (181/412) Exporting 'Account-vip_title_gold'
ExportProgress : (182/412) Exporting 'bonus_wheel_icon'
ExportProgress : (183/412) Exporting 'Bottom Nav-nav_bar_tab_sweep_selected-1'
ExportProgress : (184/412) Exporting 'Top Bar-toggle_crash_bg'
ExportProgress : (185/412) Exporting 'Redeem-ButtonFrame'
ExportProgress : (186/412) Exporting 'Bottom Nav-store_icon_small_crash'
ExportProgress : (187/412) Exporting 'Account-copy'
ExportProgress : (188/412) Exporting 'store_top_bundle'
ExportProgress : (189/412) Exporting 'store_5'
ExportProgress : (190/412) Exporting 'Bottom Nav-nav_bar_tab_sweep_selected'
ExportProgress : (191/412) Exporting 'Top Bar-top_bar_shadow'
ExportProgress : (192/412) Exporting 'Top Bar-coin_sweep_no_outline'
ExportProgress : (193/412) Exporting 'Bottom Nav-redeem_icon_small_sweep'
ExportProgress : (194/412) Exporting 'btn_big_green'
ExportProgress : (195/412) Exporting 'Account-vip_title_silver'
ExportProgress : (196/412) Exporting 'Top Bar-text_field'
ExportProgress : (197/412) Exporting 'Bottom Nav-home_icon_small_sweep'
ExportProgress : (198/412) Exporting 'store_6'
ExportProgress : (199/412) Exporting 'Popup-tooltip_bg'
ExportProgress : (200/412) Exporting 'Top Bar-top_bar_crash_container'
ExportProgress : (201/412) Exporting 'Bottom Nav-home_icon_big'
ExportProgress : (202/412) Exporting 'store_3'
ExportProgress : (203/412) Exporting 'Account-vip_title_bronze'
ExportProgress : (204/412) Exporting 'Bottom Nav-redeem_icon_big'
ExportProgress : (205/412) Exporting 'Account-VIP_Number_Entry'
ExportProgress : (206/412) Exporting 'Arrow'
ExportProgress : (207/412) Exporting 'store bundle'
ExportProgress : (208/412) Exporting 'coinback_icon'
ExportProgress : (209/412) Exporting 'Bottom Nav-account_icon_small_crash'
ExportProgress : (210/412) Exporting 'Bottom Nav-gifts_icon_big'
ExportProgress : (211/412) Exporting 'empty_gift_collect_left_segment (1)'
ExportProgress : (212/412) Exporting 'Account-CoinsBonus'
ExportProgress : (213/412) Exporting 'Account-profile_pic'
ExportProgress : (214/412) Exporting 'Bottom Nav-nav_bar_tab_sweep_unselected'
ExportProgress : (215/412) Exporting 'Top Bar-toggle_sweep_bg'
ExportProgress : (216/412) Exporting 'Body-Search'
ExportProgress : (217/412) Exporting 'Account-VIP_Number_Diamond'
ExportProgress : (218/412) Exporting 'Main-Image'
ExportProgress : (219/412) Exporting 'Top Bar-coin_crash'
ExportProgress : (220/412) Exporting 'Redeem-slider_range_bg'
ExportProgress : (221/412) Exporting 'Crash_mode_BG_default'
ExportProgress : (222/412) Exporting '+'
ExportProgress : (223/412) Exporting 'Bottom Nav-store_icon_big'
ExportProgress : (224/412) Exporting 'gift_pattern'
ExportProgress : (225/412) Exporting 'Popup-tooltip_arrow'
ExportProgress : (226/412) Exporting 'Redeem-ProofOfAddress'
ExportProgress : (227/412) Exporting 'store_2'
ExportProgress : (228/412) Exporting 'Top Bar-drop_shadow'
ExportProgress : (229/412) Exporting 'gift_collect_btn'
ExportProgress : (230/412) Exporting 'Sweep_mode_BG_default'
ExportProgress : (231/412) Exporting 'round_history_bg'
ExportProgress : (232/412) Exporting 'empty_frame'
ExportProgress : (233/412) Exporting 'Redeem-redeem_amount_pointer'
ExportProgress : (234/412) Exporting 'daily_bonus_icon'
ExportProgress : (235/412) Exporting 'Top Bar-toggle_knob_crash'
ExportProgress : (236/412) Exporting 'store_bg_pattern'
ExportProgress : (237/412) Exporting 'Account-vip_bar_bg'
ExportProgress : (238/412) Exporting 'Bottom Nav-store_icon_small_sweep'
ExportProgress : (239/412) Exporting 'Account-vip_title_entry'
ExportProgress : (240/412) Exporting 'Account-VIP_Badge_Cosmic'
ExportProgress : (241/412) Exporting 'Bottom Nav-account_icon_big'
ExportProgress : (242/412) Exporting 'Redeem-i_btn'
ExportProgress : (243/412) Exporting 'back_btn'
ExportProgress : (244/412) Exporting 'Redeem-GovernmentIssuedID'
ExportProgress : (245/412) Exporting 'Top Bar-top_bar_sweep_container'
ExportProgress : (246/412) Exporting 'Bottom Nav-home_icon_small_crash'
ExportProgress : (247/412) Exporting 'Account-Apple Button'
ExportProgress : (248/412) Exporting 'Account-vip_title_cosmic'
ExportProgress : (249/412) Exporting 'Account-vip_title_diamond'
ExportProgress : (250/412) Exporting 'StoreBG'
ExportProgress : (251/412) Exporting 'gifts_widget_bg'
ExportProgress : (252/412) Exporting 'Account-VIP_Badge_Silver'
ExportProgress : (253/412) Exporting 'Account-profile_pic_fill'
ExportProgress : (254/412) Exporting 'Top Bar-shine_stripe'
ExportProgress : (255/412) Exporting 'Redeem-slider_corcle'
ExportProgress : (256/412) Exporting 'Top Bar-toggle_bar_background'
ExportProgress : (257/412) Exporting 'Account-VIP_Badge_Entry'
ExportProgress : (258/412) Exporting 'Bottom Nav-nav_bar_tab_sweep_unselected-1'
ExportProgress : (259/412) Exporting 'Account-Google Button'
ExportProgress : (260/412) Exporting 'Top Bar-coin_sweep'
ExportProgress : (261/412) Exporting 'Account-ProfileButton'
ExportProgress : (262/412) Exporting 'Account-vip_bar_fill_center'
ExportProgress : (263/412) Exporting 'Top Bar-coin_crash_no_outline'
ExportProgress : (264/412) Exporting 'Account-VIP_Badge_Bronze'
ExportProgress : (265/412) Exporting 'Account-VIP_Number_Silver'
ExportProgress : (266/412) Exporting 'Account-profile_bg_pattern'
ExportProgress : (267/412) Exporting 'LobbyGameCategoryView'
ExportProgress : (268/412) Exporting 'LobbyCategoryBar'
ExportProgress : (269/412) Exporting 'AccountSettings'
ExportProgress : (270/412) Exporting 'ProfileColorSettings'
ExportProgress : (271/412) Exporting 'VipTierSettings'
ExportProgress : (272/412) Exporting 'Lobby'
ExportProgress : (273/412) Exporting 'Body-category_arrow_bg'
ExportProgress : (274/412) Exporting 'chash_out_btn'
ExportProgress : (275/412) Exporting 'ChangeBetButton'
ExportProgress : (276/412) Exporting 'History'
ExportProgress : (277/412) Exporting 'ClockIcon'
ExportProgress : (278/412) Exporting 'Vector'
ExportProgress : (279/412) Exporting 'game_off_SFX_btn'
ExportProgress : (280/412) Exporting 'InfinityIcon'
ExportProgress : (281/412) Exporting 'provably_fair_icon'
ExportProgress : (282/412) Exporting 'Bet_History_Tabs'
ExportProgress : (283/412) Exporting 'Cross'
ExportProgress : (284/412) Exporting 'game_on_Sounds_btn'
ExportProgress : (285/412) Exporting 'CancelButton'
ExportProgress : (286/412) Exporting 'Bet amount'
ExportProgress : (287/412) Exporting 'text'
ExportProgress : (288/412) Exporting 'game_on_SFX_btn'
ExportProgress : (289/412) Exporting 'Toggle Square Active'
ExportProgress : (290/412) Exporting 'btn_big_blue'
ExportProgress : (291/412) Exporting 'fade'
ExportProgress : (292/412) Exporting 'av_8'
ExportProgress : (293/412) Exporting 'Leave'
ExportProgress : (294/412) Exporting 'bet_ui_container'
ExportProgress : (295/412) Exporting 'Enter'
ExportProgress : (296/412) Exporting 'knob'
ExportProgress : (297/412) Exporting 'Toggle Square Disabled'
ExportProgress : (298/412) Exporting 'game_off_Sounds_btn'
ExportProgress : (299/412) Exporting 'BlackSquare'
ExportProgress : (300/412) Exporting 'side_container'
ExportProgress : (301/412) Exporting 'ButtonGrey'
ExportProgress : (302/412) Exporting 'Frame 3697'
ExportProgress : (303/412) Exporting 'Prompt'
ExportProgress : (304/412) Exporting 'GameMultiplierItem'
ExportProgress : (305/412) Exporting 'GameMultiplierHolder'
ExportProgress : (306/412) Exporting 'MultiplierSettings'
ExportProgress : (307/412) Exporting 'Game'
ExportProgress : (308/412) Exporting 'Ftue'
ExportProgress : (309/412) Exporting 'sg_UnlitFlipTexture'
ExportProgress : (310/412) Exporting 'Audio_Spectrum_Graph'
ExportProgress : (311/412) Exporting 'Audio_Spectrum_Highest_Values_Graph'
ExportProgress : (312/412) Exporting 'FPS_Graph'
ExportProgress : (313/412) Exporting 'RAM_Allocated_Graph'
ExportProgress : (314/412) Exporting 'RAM_Mono_Graph'
ExportProgress : (315/412) Exporting 'RAM_Reserved_Graph'
ExportProgress : (316/412) Exporting 'mat_UnlitFlipTexture'
ExportProgress : (317/412) Exporting 'PerfectDOSVGA437'
ExportProgress : (318/412) Exporting 'Roboto-Regular'
ExportProgress : (319/412) Exporting 'Roboto-Bold'
ExportProgress : (320/412) Exporting 'TextMeshPro/Sprite'
ExportProgress : (321/412) Exporting 'sg_unlitfliptexture'
ExportProgress : (322/412) Exporting 'ui particle premultiply blend'
ExportProgress : (323/412) Exporting 'ui particle multiplydouble'
ExportProgress : (324/412) Exporting 'ui particle addmultiply'
ExportProgress : (325/412) Exporting 'uiadditive'
ExportProgress : (326/412) Exporting 'uiscreen'
ExportProgress : (327/412) Exporting 'ui particle multiply'
ExportProgress : (328/412) Exporting 'ui particle addsmooth'
ExportProgress : (329/412) Exporting 'ui particle vertexlit blended'
ExportProgress : (330/412) Exporting 'softmaskshader'
ExportProgress : (331/412) Exporting 'Graphy/Graph Mobile'
ExportProgress : (332/412) Exporting 'ui particle blend'
ExportProgress : (333/412) Exporting 'Graphy/Graph Standard'
ExportProgress : (334/412) Exporting 'uilineardodge'
ExportProgress : (335/412) Exporting 'ui particle alpha blend'
ExportProgress : (336/412) Exporting 'uiimagecrop'
ExportProgress : (337/412) Exporting 'uiparticlehidden'
ExportProgress : (338/412) Exporting 'TextMeshPro/Sprite'
ExportProgress : (339/412) Exporting 'uimultiply'
ExportProgress : (340/412) Exporting 'Hidden/Shader Graph/FallbackError'
ExportProgress : (341/412) Exporting 'ui particle add'
ExportProgress : (342/412) Exporting 'uisoftadditive'
ExportProgress : (343/412) Exporting 'PerformanceTestRunSettings'
ExportProgress : (344/412) Exporting 'env_production'
ExportProgress : (345/412) Exporting 'BillingMode'
ExportProgress : (346/412) Exporting 'PerformanceTestRunInfo'
ExportProgress : (347/412) Exporting 'env_crypto'
ExportProgress : (348/412) Exporting 'env_stage'
ExportProgress : (349/412) Exporting 'IAPProductCatalog'
ExportProgress : (350/412) Exporting 'LineBreaking Leading Characters'
ExportProgress : (351/412) Exporting 'LineBreaking Following Characters'
ExportProgress : (352/412) Exporting 'Popup-x'
ExportProgress : (353/412) Exporting 'IconWarning'
ExportProgress : (354/412) Exporting 'IconSnapToBottom'
ExportProgress : (355/412) Exporting 'SlicedBackground'
ExportProgress : (356/412) Exporting 'White1px'
ExportProgress : (357/412) Exporting 'IconInfo'
ExportProgress : (358/412) Exporting 'IconError'
ExportProgress : (359/412) Exporting 'UIFoldoutClosed'
ExportProgress : (360/412) Exporting 'IconClear'
ExportProgress : (361/412) Exporting 'IconResizeAllDirections'
ExportProgress : (362/412) Exporting 'SlicedBackground2'
ExportProgress : (363/412) Exporting 'UIFoldoutOpened'
ExportProgress : (364/412) Exporting 'IconResizeVertialOnly'
ExportProgress : (365/412) Exporting '2x2_Texture'
ExportProgress : (366/412) Exporting 'UICheckMark'
ExportProgress : (367/412) Exporting 'IconHide'
ExportProgress : (368/412) Exporting 'SlicedBackground3'
ExportProgress : (369/412) Exporting 'IconSnapToBottomBg'
ExportProgress : (370/412) Exporting 'Rounded_Rect_10px'
ExportProgress : (371/412) Exporting 'IconCollapse'
ExportProgress : (372/412) Exporting 'UIElement8px'
ExportProgress : (373/412) Exporting 'SearchIcon'
ExportProgress : (374/412) Exporting 'DebugLogItem'
ExportProgress : (375/412) Exporting 'CheatsOverlay'
ExportProgress : (376/412) Exporting 'DebugUIVector2'
ExportProgress : (377/412) Exporting 'DebugUIColor'
ExportProgress : (378/412) Exporting 'DebugUIPanel'
ExportProgress : (379/412) Exporting 'DebugUIGroup'
ExportProgress : (380/412) Exporting 'DebugUIVector4'
ExportProgress : (381/412) Exporting 'DebugUIToggle'
ExportProgress : (382/412) Exporting 'DebugUIValuePersistent'
ExportProgress : (383/412) Exporting 'DebugUIValueTuple'
ExportProgress : (384/412) Exporting 'DebugUIObject'
ExportProgress : (385/412) Exporting 'DebugUIIntField'
ExportProgress : (386/412) Exporting 'DebugUIProgressBar'
ExportProgress : (387/412) Exporting 'DebugUIFloatField'
ExportProgress : (388/412) Exporting 'DebugUIValue'
ExportProgress : (389/412) Exporting 'DebugUIUIntField'
ExportProgress : (390/412) Exporting 'DebugUIFoldout'
ExportProgress : (391/412) Exporting 'DebugUIRow'
ExportProgress : (392/412) Exporting 'DebugUIVector3'
ExportProgress : (393/412) Exporting 'DebugUICanvas'
ExportProgress : (394/412) Exporting 'DebugUIHBox'
ExportProgress : (395/412) Exporting 'DebugUIEnumField'
ExportProgress : (396/412) Exporting 'DebugUIObjectList'
ExportProgress : (397/412) Exporting 'DebugUIButton'
ExportProgress : (398/412) Exporting 'CommandSuggestion'
ExportProgress : (399/412) Exporting 'DebugUIPersistentCanvas'
ExportProgress : (400/412) Exporting 'DebugUIMessageBox'
ExportProgress : (401/412) Exporting 'DebugUIVBox'
ExportProgress : (402/412) Exporting 'DebugUIBitField'
ExportProgress : (403/412) Exporting 'DebugUIHandlerRenderingLayerField'
ExportProgress : (404/412) Exporting 'DebugUIEnumHistory'
ExportProgress : (405/412) Exporting 'DebugUIToggleHistory'
ExportProgress : (406/412) Exporting 'DebugUIObjectPopupField'
ExportProgress : (407/412) Exporting 'FacebookSettings'
ExportProgress : (408/412) Exporting 'DOTweenSettings'
ExportProgress : (409/412) Exporting 'pushNotificationsSettings'
ExportProgress : (410/412) Exporting 'EmojiOne'
ExportProgress : (411/412) Exporting 'Default Style Sheet'
ExportProgress : (412/412) Exporting 'TMP Settings'
Export : Finished exporting assets
Export : Copying streaming assets...
Export : Saving game assemblies...
Export : Finished post-export
